Information: Building multi voltage information for entire design. (MV-022)
Warning: Some timing arcs have been disabled for breaking timing loops or because of constant propagation. Use the 'report_disable_timing' command to get the list of these disabled timing arcs. (PTE-003)
Warning: The drive-resistance for the timing arc (asap7sc7p5t_INVBUF_RVT_TT_nldm_211120/BUFx12f_ASAP7_75t_R) FE_OCPC4044_w48_1/A-->Y (min rising & falling positive_unate) is much less than the network impedance to ground; PrimeTime has adjusted the drive-resistance to improve accuracy. (RC-009)
Warning: The drive-resistance for the timing arc (asap7sc7p5t_INVBUF_RVT_TT_nldm_211120/BUFx12f_ASAP7_75t_R) FE_OCPC4044_w48_1/A-->Y (max rising & falling positive_unate) is much less than the network impedance to ground; PrimeTime has adjusted the drive-resistance to improve accuracy. (RC-009)
Warning: The drive-resistance for the timing arc (asap7sc7p5t_INVBUF_RVT_TT_nldm_211120/BUFx12f_ASAP7_75t_R) FE_OFC286_w69_2/A-->Y (max rising & falling positive_unate) is much less than the network impedance to ground; PrimeTime has adjusted the drive-resistance to improve accuracy. (RC-009)
Warning: The drive-resistance for the timing arc (asap7sc7p5t_INVBUF_RVT_TT_nldm_211120/BUFx12f_ASAP7_75t_R) FE_OFC1770_w48_2/A-->Y (min rising & falling positive_unate) is much less than the network impedance to ground; PrimeTime has adjusted the drive-resistance to improve accuracy. (RC-009)
Warning: The drive-resistance for the timing arc (asap7sc7p5t_INVBUF_RVT_TT_nldm_211120/BUFx12f_ASAP7_75t_R) FE_OFC1770_w48_2/A-->Y (max rising & falling positive_unate) is much less than the network impedance to ground; PrimeTime has adjusted the drive-resistance to improve accuracy. (RC-009)
Warning: The drive-resistance for the timing arc (asap7sc7p5t_INVBUF_RVT_TT_nldm_211120/BUFx12f_ASAP7_75t_R) FE_OFC2005_w69_4/A-->Y (min rising & falling positive_unate) is much less than the network impedance to ground; PrimeTime has adjusted the drive-resistance to improve accuracy. (RC-009)
Warning: The drive-resistance for the timing arc (asap7sc7p5t_INVBUF_RVT_TT_nldm_211120/BUFx12f_ASAP7_75t_R) FE_OFC2005_w69_4/A-->Y (max rising & falling positive_unate) is much less than the network impedance to ground; PrimeTime has adjusted the drive-resistance to improve accuracy. (RC-009)
Warning: The drive-resistance for the timing arc (asap7sc7p5t_INVBUF_RVT_TT_nldm_211120/INVx6_ASAP7_75t_R) FE_OFC259_w49_4/A-->Y (max rising & falling negative_unate) is much less than the network impedance to ground; PrimeTime has adjusted the drive-resistance to improve accuracy. (RC-009)
Information: Checking 'no_input_delay'.
Information: Checking 'no_driving_cell'.
Warning: There are 203 ports with parasitics but with no driving cell.

Information: Checking 'unconstrained_endpoints'.
Information: Checking 'unexpandable_clocks'.
Information: Checking 'latch_fanout'.
Information: Checking 'no_clock'.
Information: Checking 'partial_input_delay'.
Information: Checking 'generic'.
Information: Checking 'loops'.
Information: Checking 'generated_clocks'.
Information: Checking 'pulse_clock_non_pulse_clock_merge'.
Information: Checking 'pll_configuration'.
Information: Checking 'voltage_level'.
0
