****************************************
Report : Averaged Power
	-verbose
Design : top
Version: V-2023.12-SP5
Date   : Thu May  1 18:18:21 2025
****************************************

Library(s) Used:

    asap7sc7p5t_AO_RVT_TT_nldm_211120 (File: /filespace/k/krasselt/ECE755/ECE755_SP25_Project/Milestone_3/asap7sc7p5t_28/LIB/NLDM/asap7sc7p5t_AO_RVT_TT_nldm_211120.db)
    asap7sc7p5t_OA_RVT_TT_nldm_211120 (File: /filespace/k/krasselt/ECE755/ECE755_SP25_Project/Milestone_3/asap7sc7p5t_28/LIB/NLDM/asap7sc7p5t_OA_RVT_TT_nldm_211120.db)
    asap7sc7p5t_SIMPLE_RVT_TT_nldm_211120 (File: /filespace/k/krasselt/ECE755/ECE755_SP25_Project/Milestone_3/asap7sc7p5t_28/LIB/NLDM/asap7sc7p5t_SIMPLE_RVT_TT_nldm_211120.db)
    asap7sc7p5t_INVBUF_RVT_TT_nldm_211120 (File: /filespace/k/krasselt/ECE755/ECE755_SP25_Project/Milestone_3/asap7sc7p5t_28/LIB/NLDM/asap7sc7p5t_INVBUF_RVT_TT_nldm_211120.db)
    asap7sc7p5t_SEQ_RVT_TT_nldm_220123 (File: /filespace/k/krasselt/ECE755/ECE755_SP25_Project/Milestone_3/asap7sc7p5t_28/LIB/NLDM/asap7sc7p5t_SEQ_RVT_TT_nldm_220123.db)


Operating Conditions: PVT_0P7V_25C   Library: asap7sc7p5t_AO_RVT_TT_nldm_211120
Wire Load Model Mode: segmented

<no wire load model is set>

Power-specific unit information :
    Voltage Units = 1 V
    Capacitance Units = 0.001 pf
    Time Units = 0.001 ns
    Dynamic Power Units = 1 W
    Leakage Power Units = 1 W



  Attributes
  ----------
      i  -  Including register clock pin internal power
      u  -  User defined power group

                        Internal  Switching  Leakage    Total
Power Group             Power     Power      Power      Power   (     %)  Attrs
--------------------------------------------------------------------------------
clock_network           3.575e-03 8.480e-04 5.269e-08 4.423e-03 (48.07%)  i
register                3.819e-04 1.669e-04 5.593e-07 5.493e-04 ( 5.97%)  
combinational           1.500e-03 2.725e-03 4.089e-06 4.229e-03 (45.96%)  
sequential                 0.0000    0.0000    0.0000    0.0000 ( 0.00%)  
memory                     0.0000    0.0000    0.0000    0.0000 ( 0.00%)  
io_pad                     0.0000    0.0000    0.0000    0.0000 ( 0.00%)  
black_box                  0.0000    0.0000    0.0000    0.0000 ( 0.00%)  

  Net Switching Power  = 3.740e-03   (40.64%)
  Cell Internal Power  = 5.456e-03   (59.30%)
  Cell Leakage Power   = 4.701e-06   ( 0.05%)
                         ---------
Total Power            = 9.201e-03  (100.00%)

1
